// Jest Snapshot v1, https://goo.gl/fbAQLP

exports[`Loan View list Expects the snapshot to match the display 1`] = `
<section
  className="container"
>
  <h1
    className="text-center mt-5"
  >
    The Loans of BeardTrust
  </h1>
  <div
    className="mt-5"
  >
    <div>
      <div
        className="input-group mb-3"
      >
        <div
          className="me-5 col-xs-12 col-lg-2"
        >
          <span
            className="align-middle"
          >
            Items per Page: 
          </span>
          <select
            className="text-center align-middle"
            data-testid="pageSizeSelector"
            onChange={[Function]}
            value={10}
          >
            <option
              value={5}
            >
              5
            </option>
            <option
              value={10}
            >
              10
            </option>
            <option
              value={15}
            >
              15
            </option>
            <option
              value={20}
            >
              20
            </option>
            <option
              value={25}
            >
              25
            </option>
            <option
              value={50}
            >
              50
            </option>
            <option
              value={100}
            >
              100
            </option>
          </select>
        </div>
        <span
          className="text-center col-sm-0 col-md-4 col-lg-6"
        />
        <input
          className="form-control"
          onChange={[Function]}
          placeholder="Search"
          type="text"
          value=""
        />
        <button
          className="btn btn-outline-secondary"
          id="searchBar"
          onClick={[Function]}
          type="button"
        >
          Search
        </button>
      </div>
    </div>
    <table
      className="me-3 table-responsive table table-striped table-bordered table-hover"
      data-sortable="true"
      data-toggle="table"
      id="table"
    >
      <thead>
        <tr>
          <th
            className="align-middle text-center"
            data-sortable="true"
            id="typeName"
            onClick={[Function]}
            scope="col"
          >
            Loan
          </th>
          <th
            data-sortable="true"
            id="description"
            onClick={[Function]}
            scope="col"
          >
            Description
          </th>
          <th
            className="align-middle text-center"
            data-sortable="true"
            id="apr"
            onClick={[Function]}
            scope="col"
          >
            Interest Rate
          </th>
          <th
            className="align-middle text-center"
          >
            Sign Up
          </th>
        </tr>
      </thead>
      <tbody />
    </table>
    <nav
      aria-label="pagination navigation"
      className="MuiPagination-root my-3"
    >
      <ul
        className="MuiPagination-ul"
      >
        <li>
          <button
            aria-label="Go to previous page"
            className="MuiButtonBase-root MuiPaginationItem-root MuiPaginationItem-page Mui-disabled Mui-disabled"
            disabled={true}
            onBlur={[Function]}
            onClick={[Function]}
            onDragLeave={[Function]}
            onFocus={[Function]}
            onKeyDown={[Function]}
            onKeyUp={[Function]}
            onMouseDown={[Function]}
            onMouseLeave={[Function]}
            onMouseUp={[Function]}
            onTouchEnd={[Function]}
            onTouchMove={[Function]}
            onTouchStart={[Function]}
            tabIndex={-1}
            type="button"
          >
            <svg
              aria-hidden={true}
              className="MuiSvgIcon-root MuiPaginationItem-icon"
              focusable="false"
              viewBox="0 0 24 24"
            >
              <path
                d="M15.41 7.41L14 6l-6 6 6 6 1.41-1.41L10.83 12z"
              />
            </svg>
          </button>
        </li>
        <li>
          <button
            aria-current="true"
            aria-label="page 1"
            className="MuiButtonBase-root MuiPaginationItem-root MuiPaginationItem-page Mui-selected"
            disabled={false}
            onBlur={[Function]}
            onClick={[Function]}
            onDragLeave={[Function]}
            onFocus={[Function]}
            onKeyDown={[Function]}
            onKeyUp={[Function]}
            onMouseDown={[Function]}
            onMouseLeave={[Function]}
            onMouseUp={[Function]}
            onTouchEnd={[Function]}
            onTouchMove={[Function]}
            onTouchStart={[Function]}
            tabIndex={0}
            type="button"
          >
            1
            <span
              className="MuiTouchRipple-root"
            />
          </button>
        </li>
        <li>
          <button
            aria-label="Go to page 2"
            className="MuiButtonBase-root MuiPaginationItem-root MuiPaginationItem-page"
            disabled={false}
            onBlur={[Function]}
            onClick={[Function]}
            onDragLeave={[Function]}
            onFocus={[Function]}
            onKeyDown={[Function]}
            onKeyUp={[Function]}
            onMouseDown={[Function]}
            onMouseLeave={[Function]}
            onMouseUp={[Function]}
            onTouchEnd={[Function]}
            onTouchMove={[Function]}
            onTouchStart={[Function]}
            tabIndex={0}
            type="button"
          >
            2
            <span
              className="MuiTouchRipple-root"
            />
          </button>
        </li>
        <li>
          <button
            aria-label="Go to page 3"
            className="MuiButtonBase-root MuiPaginationItem-root MuiPaginationItem-page"
            disabled={false}
            onBlur={[Function]}
            onClick={[Function]}
            onDragLeave={[Function]}
            onFocus={[Function]}
            onKeyDown={[Function]}
            onKeyUp={[Function]}
            onMouseDown={[Function]}
            onMouseLeave={[Function]}
            onMouseUp={[Function]}
            onTouchEnd={[Function]}
            onTouchMove={[Function]}
            onTouchStart={[Function]}
            tabIndex={0}
            type="button"
          >
            3
            <span
              className="MuiTouchRipple-root"
            />
          </button>
        </li>
        <li>
          <button
            aria-label="Go to page 4"
            className="MuiButtonBase-root MuiPaginationItem-root MuiPaginationItem-page"
            disabled={false}
            onBlur={[Function]}
            onClick={[Function]}
            onDragLeave={[Function]}
            onFocus={[Function]}
            onKeyDown={[Function]}
            onKeyUp={[Function]}
            onMouseDown={[Function]}
            onMouseLeave={[Function]}
            onMouseUp={[Function]}
            onTouchEnd={[Function]}
            onTouchMove={[Function]}
            onTouchStart={[Function]}
            tabIndex={0}
            type="button"
          >
            4
            <span
              className="MuiTouchRipple-root"
            />
          </button>
        </li>
        <li>
          <button
            aria-label="Go to page 5"
            className="MuiButtonBase-root MuiPaginationItem-root MuiPaginationItem-page"
            disabled={false}
            onBlur={[Function]}
            onClick={[Function]}
            onDragLeave={[Function]}
            onFocus={[Function]}
            onKeyDown={[Function]}
            onKeyUp={[Function]}
            onMouseDown={[Function]}
            onMouseLeave={[Function]}
            onMouseUp={[Function]}
            onTouchEnd={[Function]}
            onTouchMove={[Function]}
            onTouchStart={[Function]}
            tabIndex={0}
            type="button"
          >
            5
            <span
              className="MuiTouchRipple-root"
            />
          </button>
        </li>
        <li>
          <div
            className="MuiPaginationItem-root MuiPaginationItem-ellipsis"
          >
            â€¦
          </div>
        </li>
        <li>
          <button
            aria-label="Go to page 10"
            className="MuiButtonBase-root MuiPaginationItem-root MuiPaginationItem-page"
            disabled={false}
            onBlur={[Function]}
            onClick={[Function]}
            onDragLeave={[Function]}
            onFocus={[Function]}
            onKeyDown={[Function]}
            onKeyUp={[Function]}
            onMouseDown={[Function]}
            onMouseLeave={[Function]}
            onMouseUp={[Function]}
            onTouchEnd={[Function]}
            onTouchMove={[Function]}
            onTouchStart={[Function]}
            tabIndex={0}
            type="button"
          >
            10
            <span
              className="MuiTouchRipple-root"
            />
          </button>
        </li>
        <li>
          <button
            aria-label="Go to next page"
            className="MuiButtonBase-root MuiPaginationItem-root MuiPaginationItem-page"
            disabled={false}
            onBlur={[Function]}
            onClick={[Function]}
            onDragLeave={[Function]}
            onFocus={[Function]}
            onKeyDown={[Function]}
            onKeyUp={[Function]}
            onMouseDown={[Function]}
            onMouseLeave={[Function]}
            onMouseUp={[Function]}
            onTouchEnd={[Function]}
            onTouchMove={[Function]}
            onTouchStart={[Function]}
            tabIndex={0}
            type="button"
          >
            <svg
              aria-hidden={true}
              className="MuiSvgIcon-root MuiPaginationItem-icon"
              focusable="false"
              viewBox="0 0 24 24"
            >
              <path
                d="M10 6L8.59 7.41 13.17 12l-4.58 4.59L10 18l6-6z"
              />
            </svg>
            <span
              className="MuiTouchRipple-root"
            />
          </button>
        </li>
      </ul>
    </nav>
  </div>
  <script>
    $('#table').DataTable()
  </script>
</section>
`;
